08:55:49 PM:INFO [cursor_del_pool.py:12] Inicio del método con with (__enter__)
08:55:49 PM:INFO [conexion.py:21] Pool de conexiones creado con éxito.
08:55:49 PM:INFO [cursor_del_pool.py:18] Fin del método con with (__exit__)
08:55:49 PM:INFO [cursor_del_pool.py:26] Transacción exitosa, se hace commit
08:55:49 PM:INFO [conexion.py:32] Conexión devuelta al pool de manera conceptual.
08:56:04 PM:INFO [cursor_del_pool.py:12] Inicio del método con with (__enter__)
08:56:04 PM:INFO [usuario_dao.py:29] Usuario preparado para insertar: Usuario ID: None, Username: jperez, Password: 123
08:56:04 PM:INFO [cursor_del_pool.py:18] Fin del método con with (__exit__)
08:56:04 PM:INFO [cursor_del_pool.py:26] Transacción exitosa, se hace commit
08:56:04 PM:INFO [conexion.py:32] Conexión devuelta al pool de manera conceptual.
08:56:12 PM:INFO [cursor_del_pool.py:12] Inicio del método con with (__enter__)
08:56:12 PM:INFO [cursor_del_pool.py:18] Fin del método con with (__exit__)
08:56:12 PM:INFO [cursor_del_pool.py:26] Transacción exitosa, se hace commit
08:56:12 PM:INFO [conexion.py:32] Conexión devuelta al pool de manera conceptual.
08:56:30 PM:INFO [cursor_del_pool.py:12] Inicio del método con with (__enter__)
08:56:30 PM:INFO [usuario_dao.py:37] Usuario preparado para actualizar: Usuario ID: 1, Username: jperez1, Password: 1234
08:56:30 PM:INFO [cursor_del_pool.py:18] Fin del método con with (__exit__)
08:56:30 PM:INFO [cursor_del_pool.py:26] Transacción exitosa, se hace commit
08:56:30 PM:INFO [conexion.py:32] Conexión devuelta al pool de manera conceptual.
08:56:35 PM:INFO [cursor_del_pool.py:12] Inicio del método con with (__enter__)
08:56:35 PM:INFO [usuario_dao.py:45] Usuario preparado para eliminar: Usuario ID: 1, Username: None, Password: None
08:56:35 PM:INFO [cursor_del_pool.py:18] Fin del método con with (__exit__)
08:56:35 PM:INFO [cursor_del_pool.py:26] Transacción exitosa, se hace commit
08:56:35 PM:INFO [conexion.py:32] Conexión devuelta al pool de manera conceptual.
08:56:39 PM:INFO [cursor_del_pool.py:12] Inicio del método con with (__enter__)
08:56:39 PM:INFO [cursor_del_pool.py:18] Fin del método con with (__exit__)
08:56:39 PM:INFO [cursor_del_pool.py:26] Transacción exitosa, se hace commit
08:56:39 PM:INFO [conexion.py:32] Conexión devuelta al pool de manera conceptual.
08:56:46 PM:INFO [cursor_del_pool.py:12] Inicio del método con with (__enter__)
08:56:46 PM:INFO [usuario_dao.py:29] Usuario preparado para insertar: Usuario ID: None, Username: jperez, Password: 1234
08:56:46 PM:INFO [cursor_del_pool.py:18] Fin del método con with (__exit__)
08:56:46 PM:INFO [cursor_del_pool.py:26] Transacción exitosa, se hace commit
08:56:46 PM:INFO [conexion.py:32] Conexión devuelta al pool de manera conceptual.
09:00:56 PM:INFO [cursor_del_pool.py:12] Inicio del método con with (__enter__)
09:00:56 PM:INFO [conexion.py:21] Pool de conexiones creado con éxito.
09:00:56 PM:INFO [usuario_dao.py:45] Usuario preparado para eliminar: Usuario ID: 67, Username: None, Password: None
09:00:56 PM:INFO [cursor_del_pool.py:18] Fin del método con with (__exit__)
09:00:56 PM:INFO [cursor_del_pool.py:26] Transacción exitosa, se hace commit
09:00:56 PM:INFO [conexion.py:32] Conexión devuelta al pool de manera conceptual.
